// Jest Snapshot v1, https://goo.gl/fbAQLP

exports[`Elements should render 1`] = `
<div
  className="sii-358420926"
>
  Hello world
</div>
`;

exports[`Icon should render 1`] = `
<svg
  height="1rem"
  viewBox="0 0 24 24"
  width="1rem"
  xmlns="http://www.w3.org/2000/svg"
>
  <path
    d="M3 6L3 15C3 15 3 19 7 19L13 19C17 19 17 15 17 15L17 6C17 6 17 5 16 5L12 5L12 8C12 10 9 10 9 8L9 7L9 10C9 12 6 12 6 10L5.96823 5L4 5C3 5 3 6 3 6ZM17 8L19 8C21 8 21 10 21 10L21 13C21 13 21 15 19 15L17 15"
    fill="none"
    stroke="currentColor"
    strokeLinecap="round"
    strokeLinejoin="round"
    strokeWidth="2"
  />
</svg>
`;

exports[`Markup should render 1`] = `
<h1
  className="sii-1440198707"
>
  Hello world
</h1>
`;
